SIM original ln_area 0.0 1000 elapsed 0.7
SIM original ln_area 0.0 2000 elapsed 1.0
SIM original ln_area 0.0 3000 elapsed 1.3
SIM original ln_area 0.0 4000 elapsed 1.7
SIM original ln_area 0.3 1000 elapsed 2.3
SIM original ln_area 0.3 2000 elapsed 2.6
SIM original ln_area 0.3 3000 elapsed 3.0
SIM original ln_area 0.3 4000 elapsed 3.3
SIM original ln_area 0.6 1000 elapsed 4.0
SIM original ln_area 0.6 2000 elapsed 4.4
SIM original ln_area 0.6 3000 elapsed 4.7
SIM original ln_area 0.6 4000 elapsed 5.0
SIM original ln_yield 0.0 1000 elapsed 5.8
SIM original ln_yield 0.0 2000 elapsed 6.2
SIM original ln_yield 0.0 3000 elapsed 6.5
SIM original ln_yield 0.0 4000 elapsed 6.8
SIM original ln_yield 0.3 1000 elapsed 7.5
SIM original ln_yield 0.3 2000 elapsed 7.8
SIM original ln_yield 0.3 3000 elapsed 8.2
SIM original ln_yield 0.3 4000 elapsed 8.5
SIM original ln_yield 0.6 1000 elapsed 9.1
SIM original ln_yield 0.6 2000 elapsed 9.4
SIM original ln_yield 0.6 3000 elapsed 9.8
SIM original ln_yield 0.6 4000 elapsed 10.2
SIM original ln_production 0.0 1000 elapsed 10.9
SIM original ln_production 0.0 2000 elapsed 11.2
SIM original ln_production 0.0 3000 elapsed 11.6
SIM original ln_production 0.0 4000 elapsed 12.0
SIM original ln_production 0.3 1000 elapsed 12.7
SIM original ln_production 0.3 2000 elapsed 13.0
SIM original ln_production 0.3 3000 elapsed 13.4
SIM original ln_production 0.3 4000 elapsed 13.7
SIM original ln_production 0.6 1000 elapsed 14.3
SIM original ln_production 0.6 2000 elapsed 14.7
SIM original ln_production 0.6 3000 elapsed 15.0
SIM original ln_production 0.6 4000 elapsed 15.3
SIM exclude_spring ln_area 0.0 1000 elapsed 15.9
SIM exclude_spring ln_area 0.0 2000 elapsed 16.2
SIM exclude_spring ln_area 0.0 3000 elapsed 16.5
SIM exclude_spring ln_area 0.0 4000 elapsed 16.8
SIM exclude_spring ln_area 0.3 1000 elapsed 17.3
SIM exclude_spring ln_area 0.3 2000 elapsed 17.6
SIM exclude_spring ln_area 0.3 3000 elapsed 17.9
SIM exclude_spring ln_area 0.3 4000 elapsed 18.2
SIM exclude_spring ln_area 0.6 1000 elapsed 18.7
SIM exclude_spring ln_area 0.6 2000 elapsed 18.9
SIM exclude_spring ln_area 0.6 3000 elapsed 19.3
SIM exclude_spring ln_area 0.6 4000 elapsed 19.6
SIM exclude_spring ln_yield 0.0 1000 elapsed 20.2
SIM exclude_spring ln_yield 0.0 2000 elapsed 20.4
SIM exclude_spring ln_yield 0.0 3000 elapsed 20.7
SIM exclude_spring ln_yield 0.0 4000 elapsed 21.0
SIM exclude_spring ln_yield 0.3 1000 elapsed 21.5
SIM exclude_spring ln_yield 0.3 2000 elapsed 21.8
SIM exclude_spring ln_yield 0.3 3000 elapsed 22.1
SIM exclude_spring ln_yield 0.3 4000 elapsed 22.5
SIM exclude_spring ln_yield 0.6 1000 elapsed 23.0
SIM exclude_spring ln_yield 0.6 2000 elapsed 23.3
SIM exclude_spring ln_yield 0.6 3000 elapsed 23.6
SIM exclude_spring ln_yield 0.6 4000 elapsed 24.0
SIM exclude_spring ln_production 0.0 1000 elapsed 24.6
SIM exclude_spring ln_production 0.0 2000 elapsed 24.9
SIM exclude_spring ln_production 0.0 3000 elapsed 25.2
SIM exclude_spring ln_production 0.0 4000 elapsed 25.6
SIM exclude_spring ln_production 0.3 1000 elapsed 26.2
SIM exclude_spring ln_production 0.3 2000 elapsed 26.5
SIM exclude_spring ln_production 0.3 3000 elapsed 26.8
SIM exclude_spring ln_production 0.3 4000 elapsed 27.1
SIM exclude_spring ln_production 0.6 1000 elapsed 27.7
SIM exclude_spring ln_production 0.6 2000 elapsed 28.1
SIM exclude_spring ln_production 0.6 3000 elapsed 28.4
SIM exclude_spring ln_production 0.6 4000 elapsed 28.7
SIMULATION COMPLETE 28.8
